// Jest Snapshot v1, https://goo.gl/fbAQLP

exports[`The Footer should not regress 1`] = `
<footer
  className="bg-dark"
>
  <div
    className="row"
  >
    <div
      className="col-md-12 mt-3"
    >
      <p
        className="text-center text-muted"
      >
        Â© Copyright 2018 Authors Haven - All rights reserved.
      </p>
    </div>
  </div>
</footer>
`;
