// Jest Snapshot v1, https://goo.gl/fbAQLP

exports[`The Main element should not regress 1`] = `
<main
  role="main"
/>
`;
