// Jest Snapshot v1, https://goo.gl/fbAQLP

exports[`The HomeFooter should not regress 1`] = `
<div
  className="home-footer"
>
  <div
    className="text-center p-4 bg-dark text-light"
  >
    <div
      className="container"
    >
      <div
        className="row"
      >
        <div
          className="my-3 col-lg-4 col-md-6"
        >
          <div
            className="text-center"
          >
            <h4>
              Authors Haven
            </h4>
            <p
              className="text-muted"
            >
              July 25 2018
            </p>
            <p
              className="my-3 text-muted"
            >
              St. Catherines, Off Thika Road, Nairobi
              <br />
            </p>
          </div>
        </div>
        <div
          className="my-3 col-lg-4 col-md-6"
        >
          <div
            className="text-center"
          >
            <h5>
              Ask us a question
            </h5>
            <form
              className="form-row"
            >
              <input
                className="form-control col-12"
                placeholder="Enter email"
                type="email"
              />
              <input
                className="form-control col-12 mt-1"
                placeholder="Question?"
                type="text"
              />
              <button
                className="btn btn-outline-primary mx-auto mt-1 text-white"
                type="submit"
              >
                Submit
              </button>
            </form>
          </div>
        </div>
        <div
          className="my-3 col-lg-4 col-md-12"
        >
          <div
            className="text-center"
          >
            <h5>
              Follow
            </h5>
            <a
              className=""
              href="https://www.instagram.com"
              target="blank"
            >
              <i
                className="fa fa-3x fa-instagram text-muted p-2"
              />
            </a>
            <a
              className=""
              href="https://www.facebook.com"
              target="blank"
            >
              <i
                className="fa fa-facebook-square text-muted fa-3x p-2"
              />
            </a>
            <a
              className=""
              href="https://twitter.com"
              target="blank"
            >
              <i
                className="fa fa-3x fa-twitter text-muted p-2"
              />
            </a>
            <a
              className=""
              href="https://plus.google.com"
              target="blank"
            >
              <i
                className="fa fa-3x fa-google-plus-official text-muted p-2"
              />
            </a>
          </div>
        </div>
        <div
          className="col-md-12 text-center text-muted"
        >
          <hr />
          Â© Copyright 2018 Authors Haven - All rights reserved.
        </div>
      </div>
    </div>
  </div>
</div>
`;
