// Jest Snapshot v1, https://goo.gl/fbAQLP

exports[`BenefitsAndCategories should not regress 1`] = `
<div
  className="container"
>
  <div
    className="row text-center"
  >
    <div
      className="col-md-6"
    >
      <h4
        className="text-primary"
      >
        Featured Categories
      </h4>
      <ul
        className="list-group"
      >
        <a
          href="/#technology"
          onClick={[Function]}
        >
          <li
            className="list-group-item d-flex justify-content-between align-items-center"
          >
            Technology
            <span
              className="badge badge-pill badge-secondary"
            >
              312
            </span>
          </li>
        </a>
        <a
          href="/#technology"
          onClick={[Function]}
        >
          <li
            className="list-group-item d-flex justify-content-between align-items-center"
          >
            Lifestyle
            <span
              className="badge badge-pill badge-secondary"
            >
              299
            </span>
          </li>
        </a>
        <a
          href="/#technology"
          onClick={[Function]}
        >
          <li
            className="list-group-item d-flex justify-content-between align-items-center"
          >
            Science
            <span
              className="badge badge-pill badge-secondary"
            >
              259
            </span>
          </li>
        </a>
        <a
          href="/#technology"
          onClick={[Function]}
        >
          <li
            className="list-group-item d-flex justify-content-between align-items-center"
          >
            Finance
            <span
              className="badge badge-pill badge-secondary"
            >
              219
            </span>
          </li>
        </a>
        <a
          href="/#technology"
          onClick={[Function]}
        >
          <li
            className="list-group-item d-flex justify-content-between align-items-center"
          >
            Politics
            <span
              className="badge badge-pill badge-secondary"
            >
              155
            </span>
          </li>
        </a>
      </ul>
    </div>
    <div
      className="col-md-6"
    >
      <h4
        className="text-primary"
      >
        Benefits And Features
      </h4>
      <div
        className="row text-left pl-5"
      >
        <div
          className="col-md-6 my-3"
        >
          <div
            className="row mb-3"
          >
            <div
              className="align-self-center col-10 col-md-12"
            >
              <h5
                className="text-secondary"
              >
                Authentic
                 
                ðŸ‘Œ
              </h5>
            </div>
          </div>
        </div>
        <div
          className="col-md-6 my-3"
        >
          <div
            className="row mb-3"
          >
            <div
              className="align-self-center col-10 col-md-12"
            >
              <h5
                className="text-secondary"
              >
                Knowledgeable Authors
                 
                ðŸ“š
              </h5>
            </div>
          </div>
        </div>
        <div
          className="col-md-6 my-3"
        >
          <div
            className="row mb-3"
          >
            <div
              className="align-self-center col-10 col-md-12"
            >
              <h5
                className="text-secondary"
              >
                Membership
                 
                ðŸ’³
              </h5>
            </div>
          </div>
        </div>
        <div
          className="col-md-6 my-3"
        >
          <div
            className="row mb-3"
          >
            <div
              className="align-self-center col-10 col-md-12"
            >
              <h5
                className="text-secondary"
              >
                Affordable
                 
                ðŸ’¸
              </h5>
            </div>
          </div>
        </div>
        <div
          className="col-md-6 my-3"
        >
          <div
            className="row mb-3"
          >
            <div
              className="align-self-center col-10 col-md-12"
            >
              <h5
                className="text-secondary"
              >
                Amazing
                 
                ðŸ˜Œ
              </h5>
            </div>
          </div>
        </div>
        <div
          className="col-md-6 my-3"
        >
          <div
            className="row mb-3"
          >
            <div
              className="align-self-center col-10 col-md-12"
            >
              <h5
                className="text-secondary"
              >
                Fun
                 
                ðŸ™Œ
              </h5>
            </div>
          </div>
        </div>
      </div>
    </div>
  </div>
</div>
`;
